#-----------------------------------------------------------
# Vivado v2017.3 (64-bit)
# SW Build 2018833 on Wed Oct  4 19:58:22 MDT 2017
# IP Build 2016188 on Wed Oct  4 21:52:56 MDT 2017
# Start of session at: Fri Nov 17 10:17:13 2017
# Process ID: 5848
# Current directory: C:/Users/hamze/Dropbox/Academic/Courses/Bilkent_TA_Digital_Design_CS223/2017 Fall/Labs/Project_ready_Modules/Project_stepmotor
# Command line: vivado.exe -gui_launcher_event rodinguilauncherevent2776 C:\Users\hamze\Dropbox\Academic\Courses\Bilkent_TA_Digital_Design_CS223\2017 Fall\Labs\Project_ready_Modules\Project_stepmotor\stepmotor.xpr
# Log file: C:/Users/hamze/Dropbox/Academic/Courses/Bilkent_TA_Digital_Design_CS223/2017 Fall/Labs/Project_ready_Modules/Project_stepmotor/vivado.log
# Journal file: C:/Users/hamze/Dropbox/Academic/Courses/Bilkent_TA_Digital_Design_CS223/2017 Fall/Labs/Project_ready_Modules/Project_stepmotor\vivado.jou
#-----------------------------------------------------------
start_gui
open_project {C:/Users/hamze/Dropbox/Academic/Courses/Bilkent_TA_Digital_Design_CS223/2017 Fall/Labs/Project_ready_Modules/Project_stepmotor/stepmotor.xpr}
update_compile_order -fileset sources_1
reset_project
launch_runs impl_1 -to_step write_bitstream -jobs 2
wait_on_run impl_1
reset_project
launch_runs impl_1 -to_step write_bitstream -jobs 2
wait_on_run impl_1
reset_project
